# A test file for matrix division function

>>> matrix_divided = __import__('2-matrix_divided').matrix_divided

>>> matrix_divided([[1, 2, 3], [4, 5, 6]], 3)
[[0.33, 0.67, 1.0], [1.33, 1.67, 2.0]]

>>> matrix_divided([[1, 2, 4], [1.3, 4, 0.4]] , 2)
[[0.5, 1.0, 2.0], [0.65, 2.0, 0.2]]

>>> matrix_divided([[a, 4, 6], [1, 2, 4]], 2)
Traceback (most recent call last):
    ...
NameError: name 'a' is not defined

>>> matrix_divided([[1, 2, 3], ['4', 5, 6]], 2) 
Traceback (most recent call last):
    ...
TypeError: matrix must be a matrix list of lists) of integers/floats

>>> matrix_divided([[1, 2, 3], [4, 5, 6, 7]], 3)
Traceback (most recent call last):
    ...
TypeError: Each row of the matrix must have the same size
